###############################################################################
#
# IAR ELF Linker V9.50.1.380/W64 for ARM                  17/Dec/2024  19:31:55
# Copyright 2007-2023 IAR Systems AB.
#
#    Output file  =
#        D:\Maeen\UNI Documents\OneDrive - Faculty of Engineering Ain Shams
#        University\Senior 1\Fall 24\Introduction to Embedded
#        Systems\Project\IAR Smart Home\Debug\Exe\Smart_Home.out
#    Map file     =
#        D:\Maeen\UNI Documents\OneDrive - Faculty of Engineering Ain Shams
#        University\Senior 1\Fall 24\Introduction to Embedded
#        Systems\Project\IAR Smart Home\Debug\List\Smart_Home.map
#    Command line =
#        -f "D:\Maeen\UNI Documents\OneDrive - Faculty of Engineering Ain Shams
#        University\Senior 1\Fall 24\Introduction to Embedded
#        Systems\Project\IAR Smart Home\Debug\Exe\Smart_Home.out.rsp"
#        ("D:\Maeen\UNI Documents\OneDrive - Faculty of Engineering Ain Shams
#        University\Senior 1\Fall 24\Introduction to Embedded
#        Systems\Project\IAR Smart
#        Home\Debug\Obj\Alarm_980185568058126024.dir\Alarm.o" "D:\Maeen\UNI
#        Documents\OneDrive - Faculty of Engineering Ain Shams
#        University\Senior 1\Fall 24\Introduction to Embedded
#        Systems\Project\IAR Smart
#        Home\Debug\Obj\DataLogging_6505586979029204220.dir\DataLogging.o"
#        "D:\Maeen\UNI Documents\OneDrive - Faculty of Engineering Ain Shams
#        University\Senior 1\Fall 24\Introduction to Embedded
#        Systems\Project\IAR Smart
#        Home\Debug\Obj\DIO_12413118508793129011.dir\DIO.o" "D:\Maeen\UNI
#        Documents\OneDrive - Faculty of Engineering Ain Shams
#        University\Senior 1\Fall 24\Introduction to Embedded
#        Systems\Project\IAR Smart
#        Home\Debug\Obj\DoorStatus_9131125453417250063.dir\DoorStatus.o"
#        "D:\Maeen\UNI Documents\OneDrive - Faculty of Engineering Ain Shams
#        University\Senior 1\Fall 24\Introduction to Embedded
#        Systems\Project\IAR Smart
#        Home\Debug\Obj\Temprature_6240412915971474373.dir\LM35.o"
#        "D:\Maeen\UNI Documents\OneDrive - Faculty of Engineering Ain Shams
#        University\Senior 1\Fall 24\Introduction to Embedded
#        Systems\Project\IAR Smart Home\Debug\Obj\main.o" "D:\Maeen\UNI
#        Documents\OneDrive - Faculty of Engineering Ain Shams
#        University\Senior 1\Fall 24\Introduction to Embedded
#        Systems\Project\IAR Smart
#        Home\Debug\Obj\Relay_7192306582697933232.dir\Relay.o" "D:\Maeen\UNI
#        Documents\OneDrive - Faculty of Engineering Ain Shams
#        University\Senior 1\Fall 24\Introduction to Embedded
#        Systems\Project\IAR Smart Home\Debug\Obj\startup_ewarm.o"
#        "D:\Maeen\UNI Documents\OneDrive - Faculty of Engineering Ain Shams
#        University\Senior 1\Fall 24\Introduction to Embedded
#        Systems\Project\IAR Smart
#        Home\Debug\Obj\Systick_4011902741663459732.dir\Systick.o"
#        "D:\Maeen\UNI Documents\OneDrive - Faculty of Engineering Ain Shams
#        University\Senior 1\Fall 24\Introduction to Embedded
#        Systems\Project\IAR Smart
#        Home\Debug\Obj\UART_13659031282731861102.dir\UART.o"
#        --no_out_extension -o "D:\Maeen\UNI Documents\OneDrive - Faculty of
#        Engineering Ain Shams University\Senior 1\Fall 24\Introduction to
#        Embedded Systems\Project\IAR Smart Home\Debug\Exe\Smart_Home.out"
#        --redirect _Printf=_PrintfFullNoMb --redirect _Scanf=_ScanfFullNoMb
#        --map "D:\Maeen\UNI Documents\OneDrive - Faculty of Engineering Ain
#        Shams University\Senior 1\Fall 24\Introduction to Embedded
#        Systems\Project\IAR Smart Home\Debug\List\Smart_Home.map" --config
#        "D:\Programs\IAR Systems\Embedded Workbench
#        9.2\arm/config/linker/TexasInstruments/TM4C123GH6.icf" --semihosting
#        --entry __iar_program_start --vfe --text_out locale --cpu=Cortex-M4
#        --fpu=VFPv4_sp) --dependencies=n "D:\Maeen\UNI Documents\OneDrive -
#        Faculty of Engineering Ain Shams University\Senior 1\Fall
#        24\Introduction to Embedded Systems\Project\IAR Smart
#        Home\Debug\Exe\Smart_Home.out.iar_deps"
#
###############################################################################

*******************************************************************************
*** RUNTIME MODEL ATTRIBUTES
***

CppFlavor       = *
__CPP_Runtime   = 1
__SystemLibrary = DLib
__dlib_version  = 6


*******************************************************************************
*** HEAP SELECTION
***

The basic heap was selected because --advanced_heap
was not specified and the application did not appear to
be primarily optimized for speed.


*******************************************************************************
*** PLACEMENT SUMMARY
***

"A0":  place at address 0x0 { ro section .intvec };
"P1":  place in [from 0x0 to 0x3'ffff] { ro };
define block CSTACK with size = 4K, alignment = 8 { };
define block HEAP with size = 8K, alignment = 8 { };
"P2":  place in [from 0x2000'0000 to 0x2000'7fff] {
          rw, block CSTACK, block HEAP };
do not initialize { rw section .noinit };

  Section          Kind         Address  Aligment   Size  Object
  -------          ----         -------  --------   ----  ------
"A0":                                              0x26c
  .intvec          const            0x0         4  0x26c  startup_ewarm.o [1]
                                - 0x26c            0x26c

"P1":                                              0x75c
  .text            ro code        0x26c         4  0x220  main.o [1]
  .text            ro code        0x48c         2   0x4a  Relay.o [6]
  .text            ro code        0x4d8         4  0x1dc  UART.o [9]
  .text            ro code        0x6b4         4    0xe  LM35.o [8]
  .text            ro code        0x6c2         2    0xe  Alarm.o [2]
  .text            ro code        0x6d0         4   0x18  DataLogging.o [4]
  .text            ro code        0x6e8         4  0x1ac  DIO.o [3]
  .text            ro code        0x894         2   0x38  zero_init3.o [12]
  .text            ro code        0x8cc         4   0x2a  data_init.o [12]
  .text            ro code        0x8f8         4   0x22  fpinit_M.o [11]
  .iar.init_table  const          0x91c         4   0x10  - Linker created -
  .text            ro code        0x92c         4   0x1e  startup_ewarm.o [1]
  .text            ro code        0x94c         4   0x1c  cstartup_M.o [12]
  .text            ro code        0x968         4   0x1e  cmain.o [12]
  .text            ro code        0x986         2    0x4  low_level_init.o [10]
  .text            ro code        0x98a         2    0x4  exit.o [10]
  .text            ro code        0x990         4    0xa  cexit.o [12]
  .text            ro code        0x99c         4   0x14  exit.o [13]
  .text            ro code        0x9b0         4   0x18  Systick.o [7]
  .rodata          const          0x9c8              0x0  zero_init3.o [12]
                                - 0x9c8            0x75c

"P2", part 1 of 2:                                  0x14
  .bss             zero     0x2000'0000         4    0x4  DataLogging.o [4]
  .bss             zero     0x2000'0004         4    0x4  DataLogging.o [4]
  .bss             zero     0x2000'0008         4    0x4  Systick.o [7]
  .bss             zero     0x2000'000c         2    0x2  main.o [1]
  .bss             zero     0x2000'000e         2    0x2  main.o [1]
  .bss             zero     0x2000'0010         2    0x2  main.o [1]
  .bss             zero     0x2000'0012              0x1  main.o [1]
  .bss             zero     0x2000'0013              0x1  main.o [1]
                          - 0x2000'0014             0x14

"P2", part 2 of 2:                                 0x200
  .noinit          uninit   0x2000'0014         4  0x200  startup_ewarm.o [1]
                          - 0x2000'0214            0x200

Unused ranges:

         From           To      Size
         ----           --      ----
        0x9c8     0x3'ffff  0x3'f638
  0x2000'0214  0x2000'7fff    0x7dec


*******************************************************************************
*** INIT TABLE
***

          Address      Size
          -------      ----
Zero (__iar_zero_init3)
    1 destination range, total size 0x14:
          0x2000'0000  0x14



*******************************************************************************
*** MODULE SUMMARY
***

    Module            ro code  ro data  rw data
    ------            -------  -------  -------
command line/config:
    -------------------------------------------
    Total:

D:\Maeen\UNI Documents\OneDrive - Faculty of Engineering Ain Shams University\Senior 1\Fall 24\Introduction to Embedded Systems\Project\IAR Smart Home\Debug\Obj: [1]
    main.o                544                 8
    startup_ewarm.o        30      620      512
    -------------------------------------------
    Total:                574      620      520

D:\Maeen\UNI Documents\OneDrive - Faculty of Engineering Ain Shams University\Senior 1\Fall 24\Introduction to Embedded Systems\Project\IAR Smart Home\Debug\Obj\Alarm_980185568058126024.dir: [2]
    Alarm.o                14
    -------------------------------------------
    Total:                 14

D:\Maeen\UNI Documents\OneDrive - Faculty of Engineering Ain Shams University\Senior 1\Fall 24\Introduction to Embedded Systems\Project\IAR Smart Home\Debug\Obj\DIO_12413118508793129011.dir: [3]
    DIO.o                 428
    -------------------------------------------
    Total:                428

D:\Maeen\UNI Documents\OneDrive - Faculty of Engineering Ain Shams University\Senior 1\Fall 24\Introduction to Embedded Systems\Project\IAR Smart Home\Debug\Obj\DataLogging_6505586979029204220.dir: [4]
    DataLogging.o          24                 8
    -------------------------------------------
    Total:                 24                 8

D:\Maeen\UNI Documents\OneDrive - Faculty of Engineering Ain Shams University\Senior 1\Fall 24\Introduction to Embedded Systems\Project\IAR Smart Home\Debug\Obj\DoorStatus_9131125453417250063.dir: [5]
    -------------------------------------------
    Total:

D:\Maeen\UNI Documents\OneDrive - Faculty of Engineering Ain Shams University\Senior 1\Fall 24\Introduction to Embedded Systems\Project\IAR Smart Home\Debug\Obj\Relay_7192306582697933232.dir: [6]
    Relay.o                74
    -------------------------------------------
    Total:                 74

D:\Maeen\UNI Documents\OneDrive - Faculty of Engineering Ain Shams University\Senior 1\Fall 24\Introduction to Embedded Systems\Project\IAR Smart Home\Debug\Obj\Systick_4011902741663459732.dir: [7]
    Systick.o              24                 4
    -------------------------------------------
    Total:                 24                 4

D:\Maeen\UNI Documents\OneDrive - Faculty of Engineering Ain Shams University\Senior 1\Fall 24\Introduction to Embedded Systems\Project\IAR Smart Home\Debug\Obj\Temprature_6240412915971474373.dir: [8]
    LM35.o                 14
    -------------------------------------------
    Total:                 14

D:\Maeen\UNI Documents\OneDrive - Faculty of Engineering Ain Shams University\Senior 1\Fall 24\Introduction to Embedded Systems\Project\IAR Smart Home\Debug\Obj\UART_13659031282731861102.dir: [9]
    UART.o                476
    -------------------------------------------
    Total:                476

dl7M_tln.a: [10]
    exit.o                  4
    low_level_init.o        4
    -------------------------------------------
    Total:                  8

m7M_tls.a: [11]
    fpinit_M.o             34
    -------------------------------------------
    Total:                 34

rt7M_tl.a: [12]
    cexit.o                10
    cmain.o                30
    cstartup_M.o           28
    data_init.o            42
    zero_init3.o           56
    -------------------------------------------
    Total:                166

shb_l.a: [13]
    exit.o                 20
    -------------------------------------------
    Total:                 20

    Gaps                   10        2
    Linker created                  16
-----------------------------------------------
    Grand Total:        1'866      638      532


*******************************************************************************
*** ENTRY LIST
***

Entry                       Address   Size  Type      Object
-----                       -------   ----  ----      ------
.iar.init_table$$Base         0x91c          --   Gb  - Linker created -
.iar.init_table$$Limit        0x92c          --   Gb  - Linker created -
?main                         0x969         Code  ??  cmain.o [12]
Alarm_init                    0x6c3    0xe  Code  ??  Alarm.o [2]
DoorLogging_init              0x6d1    0xe  Code  ??  DataLogging.o [4]
FaultISR                      0x947    0x2  Code  Lc  startup_ewarm.o [1]
GPIOB_Handler                 0x3a3   0x68  Code  ??  main.o [1]
IntDefaultHandler             0x949    0x2  Code  Lc  startup_ewarm.o [1]
LM35_init                     0x6b5    0xe  Code  ??  LM35.o [8]
NmiSR                         0x945    0x2  Code  Lc  startup_ewarm.o [1]
PortB_Init                    0x33f   0x64  Code  ??  main.o [1]
Region$$Table$$Base           0x91c          --   ??  - Linker created -
Region$$Table$$Limit          0x92c          --   ??  - Linker created -
Relay_Control                 0x4af   0x28  Code  ??  Relay.o [6]
Relay_Init                    0x48d   0x22  Code  ??  Relay.o [6]
ResetISR                      0x92d   0x12  Code  ??  startup_ewarm.o [1]
SysTick_Callback        0x2000'0008    0x4  Data  Lc  Systick.o [7]
SysTick_Handler               0x9b1   0x10  Code  ??  Systick.o [7]
SysTick_Init_TEST             0x40b   0x1a  Code  ??  main.o [1]
SysTick_Wait                  0x26d   0x10  Code  ??  main.o [1]
UART5_Handler                 0x2cd   0x22  Code  ??  main.o [1]
UART_Init                     0x4d9  0x174  Code  ??  UART.o [9]
UART_Transmit                 0x64d   0x2c  Code  ??  UART.o [9]
__cmain                       0x969         Code  ??  cmain.o [12]
__exit                        0x99d   0x14  Code  ??  exit.o [13]
__iar_data_init3              0x8cd   0x18  Code  ??  data_init.o [12]
__iar_init_vfp                0x8f9         Code  ??  fpinit_M.o [11]
__iar_program_start           0x94d         Code  ??  cstartup_M.o [12]
__iar_zero_init3              0x895   0x38  Code  ??  zero_init3.o [12]
__low_level_init              0x987    0x4  Code  ??  low_level_init.o [10]
__vector_table                  0x0  0x26c  Data  ??  startup_ewarm.o [1]
_call_main                    0x975         Code  ??  cmain.o [12]
_exit                         0x991         Code  ??  cexit.o [12]
ctz                           0x6e9   0x18  Code  ??  DIO.o [3]
dio_init                      0x701   0xd6  Code  ??  DIO.o [3]
dio_writepin                  0x7d7   0x9e  Code  ??  DIO.o [3]
doorCloseLog            0x2000'0004    0x4  Data  Lc  DataLogging.o [4]
doorOpenLog             0x2000'0000    0x4  Data  Lc  DataLogging.o [4]
doorStatus              0x2000'0013    0x1  Data  ??  main.o [1]
exit                          0x98b    0x4  Code  ??  exit.o [10]
hamada                  0x2000'000c    0x2  Data  ??  main.o [1]
hamada1                 0x2000'000e    0x2  Data  ??  main.o [1]
hamada2                 0x2000'0010    0x2  Data  ??  main.o [1]
main                          0x27d   0x50  Code  ??  main.o [1]
pui32Stack              0x2000'0014  0x200  Data  Lc  startup_ewarm.o [1]
received_char           0x2000'0012    0x1  Data  ??  main.o [1]
relayControl                  0x2ef   0x50  Code  ??  main.o [1]


[1] = D:\Maeen\UNI Documents\OneDrive - Faculty of Engineering Ain Shams University\Senior 1\Fall 24\Introduction to Embedded Systems\Project\IAR Smart Home\Debug\Obj
[2] = D:\Maeen\UNI Documents\OneDrive - Faculty of Engineering Ain Shams University\Senior 1\Fall 24\Introduction to Embedded Systems\Project\IAR Smart Home\Debug\Obj\Alarm_980185568058126024.dir
[3] = D:\Maeen\UNI Documents\OneDrive - Faculty of Engineering Ain Shams University\Senior 1\Fall 24\Introduction to Embedded Systems\Project\IAR Smart Home\Debug\Obj\DIO_12413118508793129011.dir
[4] = D:\Maeen\UNI Documents\OneDrive - Faculty of Engineering Ain Shams University\Senior 1\Fall 24\Introduction to Embedded Systems\Project\IAR Smart Home\Debug\Obj\DataLogging_6505586979029204220.dir
[5] = D:\Maeen\UNI Documents\OneDrive - Faculty of Engineering Ain Shams University\Senior 1\Fall 24\Introduction to Embedded Systems\Project\IAR Smart Home\Debug\Obj\DoorStatus_9131125453417250063.dir
[6] = D:\Maeen\UNI Documents\OneDrive - Faculty of Engineering Ain Shams University\Senior 1\Fall 24\Introduction to Embedded Systems\Project\IAR Smart Home\Debug\Obj\Relay_7192306582697933232.dir
[7] = D:\Maeen\UNI Documents\OneDrive - Faculty of Engineering Ain Shams University\Senior 1\Fall 24\Introduction to Embedded Systems\Project\IAR Smart Home\Debug\Obj\Systick_4011902741663459732.dir
[8] = D:\Maeen\UNI Documents\OneDrive - Faculty of Engineering Ain Shams University\Senior 1\Fall 24\Introduction to Embedded Systems\Project\IAR Smart Home\Debug\Obj\Temprature_6240412915971474373.dir
[9] = D:\Maeen\UNI Documents\OneDrive - Faculty of Engineering Ain Shams University\Senior 1\Fall 24\Introduction to Embedded Systems\Project\IAR Smart Home\Debug\Obj\UART_13659031282731861102.dir
[10] = dl7M_tln.a
[11] = m7M_tls.a
[12] = rt7M_tl.a
[13] = shb_l.a

  1'866 bytes of readonly  code memory
    638 bytes of readonly  data memory
    532 bytes of readwrite data memory

Errors: none
Warnings: none
