###############################################################################
#
# IAR ELF Linker V9.50.1.380/W64 for ARM                  29/Nov/2024  00:23:39
# Copyright 2007-2023 IAR Systems AB.
#
#    Output file  =
#        D:\Maeen\UNI Documents\OneDrive - Faculty of Engineering Ain Shams
#        University\Senior 1\Fall 24\Introduction to Embedded
#        Systems\Project\IAR Smart Home\Debug\Exe\Smart_Home.out
#    Map file     =
#        D:\Maeen\UNI Documents\OneDrive - Faculty of Engineering Ain Shams
#        University\Senior 1\Fall 24\Introduction to Embedded
#        Systems\Project\IAR Smart Home\Debug\List\Smart_Home.map
#    Command line =
#        -f "D:\Maeen\UNI Documents\OneDrive - Faculty of Engineering Ain Shams
#        University\Senior 1\Fall 24\Introduction to Embedded
#        Systems\Project\IAR Smart Home\Debug\Exe\Smart_Home.out.rsp"
#        ("D:\Maeen\UNI Documents\OneDrive - Faculty of Engineering Ain Shams
#        University\Senior 1\Fall 24\Introduction to Embedded
#        Systems\Project\IAR Smart Home\Debug\Obj\main.o" --no_out_extension -o
#        "D:\Maeen\UNI Documents\OneDrive - Faculty of Engineering Ain Shams
#        University\Senior 1\Fall 24\Introduction to Embedded
#        Systems\Project\IAR Smart Home\Debug\Exe\Smart_Home.out" --redirect
#        _Printf=_PrintfFullNoMb --redirect _Scanf=_ScanfFullNoMb --map
#        "D:\Maeen\UNI Documents\OneDrive - Faculty of Engineering Ain Shams
#        University\Senior 1\Fall 24\Introduction to Embedded
#        Systems\Project\IAR Smart Home\Debug\List\Smart_Home.map" --config
#        "D:\Programs\IAR Systems\Embedded Workbench
#        9.2\arm/config/linker/TexasInstruments/TM4C123GH6.icf" --semihosting
#        --entry __iar_program_start --vfe --text_out locale --cpu=Cortex-M4
#        --fpu=VFPv4_sp) --dependencies=n "D:\Maeen\UNI Documents\OneDrive -
#        Faculty of Engineering Ain Shams University\Senior 1\Fall
#        24\Introduction to Embedded Systems\Project\IAR Smart
#        Home\Debug\Exe\Smart_Home.out.iar_deps"
#
###############################################################################

*******************************************************************************
*** RUNTIME MODEL ATTRIBUTES
***

CppFlavor       = *
__CPP_Runtime   = 1
__SystemLibrary = DLib
__dlib_version  = 6


*******************************************************************************
*** HEAP SELECTION
***

The basic heap was selected because --advanced_heap
was not specified and the application did not appear to
be primarily optimized for speed.


*******************************************************************************
*** PLACEMENT SUMMARY
***

"A0":  place at address 0x0 { ro section .intvec };
"P1":  place in [from 0x0 to 0x3'ffff] { ro };
define block CSTACK with size = 4K, alignment = 8 { };
define block HEAP with size = 8K, alignment = 8 { };
"P2":  place in [from 0x2000'0000 to 0x2000'7fff] {
          rw, block CSTACK, block HEAP };

No sections matched the following patterns:

  rw  in "P2"


  Section   Kind         Address  Aligment    Size  Object
  -------   ----         -------  --------    ----  ------
"A0":                                         0x40
  .intvec   ro code          0x0         4    0x40  vector_table_M.o [4]
                          - 0x40              0x40

"P1":                                        0x2a4
  .text     ro code         0x40         4   0x1c0  main.o [1]
  .text     ro code        0x200         4    0x22  fpinit_M.o [3]
  .text     ro code        0x222         2     0x2  vectortrap_M.o [4]
  .text     ro code        0x224         4    0x1e  cmain.o [4]
  .text     ro code        0x242         2     0x4  low_level_init.o [2]
  .text     ro code        0x246         2     0x4  exit.o [2]
  .text     ro code        0x24c         4     0xa  cexit.o [4]
  .text     ro code        0x258         4    0x14  exit.o [5]
  .text     ro code        0x26c         4    0x1c  cstartup_M.o [4]
  .rodata   const          0x288         4    0x10  main.o [1]
  .rodata   const          0x298         4    0x10  main.o [1]
  .rodata   const          0x2a8         4    0x10  main.o [1]
  .rodata   const          0x2b8         4    0x10  main.o [1]
  .rodata   const          0x2c8         4    0x10  main.o [1]
  .rodata   const          0x2d8         4     0xc  main.o [1]
                         - 0x2e4             0x2a4

"P2":                                       0x1000
  CSTACK             0x2000'0000         8  0x1000  <Block>
    CSTACK  uninit   0x2000'0000            0x1000  <Block tail>
                   - 0x2000'1000            0x1000

Unused ranges:

         From           To      Size
         ----           --      ----
        0x2e4     0x3'ffff  0x3'fd1c
  0x2000'1000  0x2000'7fff    0x7000



*******************************************************************************
*** MODULE SUMMARY
***

    Module            ro code  ro data  rw data
    ------            -------  -------  -------
command line/config:
    -------------------------------------------
    Total:

D:\Maeen\UNI Documents\OneDrive - Faculty of Engineering Ain Shams University\Senior 1\Fall 24\Introduction to Embedded Systems\Project\IAR Smart Home\Debug\Obj: [1]
    main.o                448       92
    -------------------------------------------
    Total:                448       92

dl7M_tln.a: [2]
    exit.o                  4
    low_level_init.o        4
    -------------------------------------------
    Total:                  8

m7M_tls.a: [3]
    fpinit_M.o             34
    -------------------------------------------
    Total:                 34

rt7M_tl.a: [4]
    cexit.o                10
    cmain.o                30
    cstartup_M.o           28
    vector_table_M.o       64
    vectortrap_M.o          2
    -------------------------------------------
    Total:                134

shb_l.a: [5]
    exit.o                 20
    -------------------------------------------
    Total:                 20

    Gaps                    4
    Linker created                        4'096
-----------------------------------------------
    Grand Total:          648       92    4'096


*******************************************************************************
*** ENTRY LIST
***

Entry                       Address  Size  Type      Object
-----                       -------  ----  ----      ------
?main                         0x225        Code  ??  cmain.o [4]
Bluetooth_Read                0x165  0x10  Code  ??  main.o [1]
Bluetooth_Write               0x175  0x10  Code  ??  main.o [1]
Bluetooth_Write_String        0x1dd  0x16  Code  ??  main.o [1]
BusFault_Handler              0x223        Code  Wk  vectortrap_M.o [4]
CSTACK$$Base            0x2000'0000         --   Gb  - Linker created -
CSTACK$$Limit           0x2000'1000         --   ??  - Linker created -
DebugMon_Handler              0x223        Code  Wk  vectortrap_M.o [4]
Delay                         0x1f3   0xe  Code  ??  main.o [1]
HC05_init                     0x109  0x5c  Code  ??  main.o [1]
HardFault_Handler             0x223        Code  Wk  vectortrap_M.o [4]
MemManage_Handler             0x223        Code  Wk  vectortrap_M.o [4]
NMI_Handler                   0x223        Code  Wk  vectortrap_M.o [4]
PendSV_Handler                0x223        Code  Wk  vectortrap_M.o [4]
Region$$Table$$Base             0x0         --   ??  - Linker created -
Region$$Table$$Limit            0x0         --   ??  - Linker created -
SVC_Handler                   0x223        Code  Wk  vectortrap_M.o [4]
SysTick_Handler               0x223        Code  Wk  vectortrap_M.o [4]
UsageFault_Handler            0x223        Code  Wk  vectortrap_M.o [4]
__cmain                       0x225        Code  ??  cmain.o [4]
__exit                        0x259  0x14  Code  ??  exit.o [5]
__iar_init_vfp                0x201        Code  ??  fpinit_M.o [3]
__iar_program_start           0x26d        Code  ??  cstartup_M.o [4]
__low_level_init              0x243   0x4  Code  ??  low_level_init.o [2]
__vector_table                  0x0        Data  ??  vector_table_M.o [4]
_call_main                    0x231        Code  ??  cmain.o [4]
_exit                         0x24d        Code  ??  cexit.o [4]
exit                          0x247   0x4  Code  ??  exit.o [2]
main                           0x41  0xc8  Code  ??  main.o [1]


[1] = D:\Maeen\UNI Documents\OneDrive - Faculty of Engineering Ain Shams University\Senior 1\Fall 24\Introduction to Embedded Systems\Project\IAR Smart Home\Debug\Obj
[2] = dl7M_tln.a
[3] = m7M_tls.a
[4] = rt7M_tl.a
[5] = shb_l.a

    648 bytes of readonly  code memory
     92 bytes of readonly  data memory
  4'096 bytes of readwrite data memory

Errors: none
Warnings: none
