###############################################################################
#
# IAR ELF Linker V9.50.1.380/W64 for ARM                  22/Dec/2024  01:32:14
# Copyright 2007-2023 IAR Systems AB.
#
#    Output file  =
#        D:\Maeen\UNI Documents\OneDrive - Faculty of Engineering Ain Shams
#        University\Senior 1\Fall 24\Introduction to Embedded
#        Systems\Project\IAR Smart Home\Debug\Exe\Smart_Home.out
#    Map file     =
#        D:\Maeen\UNI Documents\OneDrive - Faculty of Engineering Ain Shams
#        University\Senior 1\Fall 24\Introduction to Embedded
#        Systems\Project\IAR Smart Home\Debug\List\Smart_Home.map
#    Command line =
#        -f "D:\Maeen\UNI Documents\OneDrive - Faculty of Engineering Ain Shams
#        University\Senior 1\Fall 24\Introduction to Embedded
#        Systems\Project\IAR Smart Home\Debug\Exe\Smart_Home.out.rsp"
#        ("D:\Maeen\UNI Documents\OneDrive - Faculty of Engineering Ain Shams
#        University\Senior 1\Fall 24\Introduction to Embedded
#        Systems\Project\IAR Smart
#        Home\Debug\Obj\Alarm_980185568058126024.dir\Alarm.o" "D:\Maeen\UNI
#        Documents\OneDrive - Faculty of Engineering Ain Shams
#        University\Senior 1\Fall 24\Introduction to Embedded
#        Systems\Project\IAR Smart
#        Home\Debug\Obj\DIO_12413118508793129011.dir\DIO.o" "D:\Maeen\UNI
#        Documents\OneDrive - Faculty of Engineering Ain Shams
#        University\Senior 1\Fall 24\Introduction to Embedded
#        Systems\Project\IAR Smart
#        Home\Debug\Obj\DoorStatus_9131125453417250063.dir\DoorStatus.o"
#        "D:\Maeen\UNI Documents\OneDrive - Faculty of Engineering Ain Shams
#        University\Senior 1\Fall 24\Introduction to Embedded
#        Systems\Project\IAR Smart
#        Home\Debug\Obj\Temprature_6240412915971474373.dir\LM35.o"
#        "D:\Maeen\UNI Documents\OneDrive - Faculty of Engineering Ain Shams
#        University\Senior 1\Fall 24\Introduction to Embedded
#        Systems\Project\IAR Smart Home\Debug\Obj\main.o" "D:\Maeen\UNI
#        Documents\OneDrive - Faculty of Engineering Ain Shams
#        University\Senior 1\Fall 24\Introduction to Embedded
#        Systems\Project\IAR Smart
#        Home\Debug\Obj\Relay_7192306582697933232.dir\Relay.o" "D:\Maeen\UNI
#        Documents\OneDrive - Faculty of Engineering Ain Shams
#        University\Senior 1\Fall 24\Introduction to Embedded
#        Systems\Project\IAR Smart Home\Debug\Obj\startup_ewarm.o"
#        "D:\Maeen\UNI Documents\OneDrive - Faculty of Engineering Ain Shams
#        University\Senior 1\Fall 24\Introduction to Embedded
#        Systems\Project\IAR Smart
#        Home\Debug\Obj\Systick_4011902741663459732.dir\Systick.o"
#        "D:\Maeen\UNI Documents\OneDrive - Faculty of Engineering Ain Shams
#        University\Senior 1\Fall 24\Introduction to Embedded
#        Systems\Project\IAR Smart
#        Home\Debug\Obj\UART_13659031282731861102.dir\UART.o"
#        --no_out_extension -o "D:\Maeen\UNI Documents\OneDrive - Faculty of
#        Engineering Ain Shams University\Senior 1\Fall 24\Introduction to
#        Embedded Systems\Project\IAR Smart Home\Debug\Exe\Smart_Home.out"
#        --redirect _Printf=_PrintfFullNoMb --redirect _Scanf=_ScanfFullNoMb
#        --map "D:\Maeen\UNI Documents\OneDrive - Faculty of Engineering Ain
#        Shams University\Senior 1\Fall 24\Introduction to Embedded
#        Systems\Project\IAR Smart Home\Debug\List\Smart_Home.map" --config
#        "D:\Programs\IAR Systems\Embedded Workbench
#        9.2\arm/config/linker/TexasInstruments/TM4C123GH6.icf" --semihosting
#        --entry __iar_program_start --vfe --text_out locale --cpu=Cortex-M4
#        --fpu=VFPv4_sp) --dependencies=n "D:\Maeen\UNI Documents\OneDrive -
#        Faculty of Engineering Ain Shams University\Senior 1\Fall
#        24\Introduction to Embedded Systems\Project\IAR Smart
#        Home\Debug\Exe\Smart_Home.out.iar_deps"
#
###############################################################################

*******************************************************************************
*** RUNTIME MODEL ATTRIBUTES
***

CppFlavor       = *
__CPP_Runtime   = 1
__Heap_Handler  = Basic
__SystemLibrary = DLib
__dlib_version  = 6


*******************************************************************************
*** HEAP SELECTION
***

The basic heap was selected because --advanced_heap
was not specified and the application did not appear to
be primarily optimized for speed.


*******************************************************************************
*** PLACEMENT SUMMARY
***

"A0":  place at address 0x0 { ro section .intvec };
"P1":  place in [from 0x0 to 0x3'ffff] { ro };
define block CSTACK with size = 4K, alignment = 8 { };
define block HEAP with size = 8K, alignment = 8 { };
"P2":  place in [from 0x2000'0000 to 0x2000'7fff] {
          rw, block CSTACK, block HEAP };
do not initialize { rw section .noinit };

  Section          Kind         Address  Aligment    Size  Object
  -------          ----         -------  --------    ----  ------
"A0":                                               0x26c
  .intvec          const            0x0         4   0x26c  startup_ewarm.o [1]
                                - 0x26c             0x26c

"P1":                                              0x2792
  .text            ro code        0x26c         4   0xea6  xprintffull_nomb.o [9]
  .text            ro code       0x1112         2    0x1a  xsnprout.o [9]
  .text            ro code       0x112c         4    0x16  strchr.o [11]
  .text            ro code       0x1142         2     0xa  xsprout.o [9]
  .text            ro code       0x114c         4    0x40  xfail_s.o [9]
  .text            ro code       0x118c         4    0x36  strlen.o [11]
  .text            ro code       0x11c4         4    0x58  memchr.o [11]
  .text            ro code       0x121c         4    0x76  ABImemcpy_unaligned.o [11]
  .text            ro code       0x1294         4    0x70  frexp.o [10]
  .text            ro code       0x1304         4    0x34  DblCmpLe.o [10]
  .text            ro code       0x1338         4    0x34  DblCmpGe.o [10]
  .text            ro code       0x136c         4   0x13a  ldexp.o [10]
  .text            ro code       0x14a8         4    0x36  DblToS32.o [10]
  .text            ro code       0x14e0         4    0x22  S32ToDbl.o [10]
  .text            ro code       0x1504         4   0x24e  DblAddSub.o [10]
  .text            ro code       0x1754         4   0x246  DblDiv.o [10]
  .text            ro code       0x199c         4    0x22  DblToU32.o [10]
  .text            ro code       0x19c0         4    0x1c  U32ToDbl.o [10]
  .text            ro code       0x19dc         4   0x1aa  DblMul.o [10]
  .text            ro code       0x1b88         4   0x230  I64DivMod.o [11]
  .text            ro code       0x1db8         2     0x6  abort.o [9]
  .text            ro code       0x1dc0         4     0x2  I64DivZer.o [11]
  .text            ro code       0x1dc4         4    0x14  exit.o [12]
  .text            ro code       0x1dd8         4   0x26c  UART.o [8]
  .text            ro code       0x2044         4   0x230  DIO.o [3]
  .text            ro code       0x2274         4    0x44  snprintf.o [9]
  .text            ro code       0x22b8         4   0x13c  heap0.o [9]
  .text            ro code       0x23f4         4    0x40  sprintf.o [9]
  .text            ro code       0x2434         2     0x4  heaptramp0.o [9]
  .text            ro code       0x2438         2    0x8c  Relay.o [5]
  .text            ro code       0x24c4         4   0x210  LM35.o [7]
  .text            ro code       0x26d4         4   0x110  DoorStatus.o [4]
  .text            ro code       0x27e4         4    0x2c  xgetmemchunk.o [9]
  .text            ro code       0x2810         4    0x54  Systick.o [6]
  .text            ro code       0x2864         4    0x5c  Alarm.o [2]
  .text            ro code       0x28c0         2    0x38  zero_init3.o [11]
  .text            ro code       0x28f8         4    0x36  main.o [1]
  .text            ro code       0x2930         4    0x2a  data_init.o [11]
  .text            ro code       0x295c         4    0x22  fpinit_M.o [10]
  .iar.init_table  const         0x2980         4    0x10  - Linker created -
  .text            ro code       0x2990         4    0x1e  startup_ewarm.o [1]
  .text            ro code       0x29b0         4    0x1c  cstartup_M.o [11]
  .text            ro code       0x29cc         4    0x1e  cmain.o [11]
  .text            ro code       0x29ea         2     0x4  low_level_init.o [9]
  .text            ro code       0x29ee         2     0x4  exit.o [9]
  .text            ro code       0x29f4         4     0xa  cexit.o [11]
  .rodata          const         0x29fe               0x0  zero_init3.o [11]
                               - 0x29fe            0x2792

"P2", part 1 of 2:                                   0x18
  .bss             zero     0x2000'0000         4     0x8  heap0.o [9]
  .bss             zero     0x2000'0008         4     0x4  Systick.o [6]
  .bss             zero     0x2000'000c         4     0x4  xgetmemchunk.o [9]
  .bss             zero     0x2000'0010         4     0x4  xfail_s.o [9]
  .bss             zero     0x2000'0014               0x1  DoorStatus.o [4]
  .bss             zero     0x2000'0015               0x1  UART.o [8]
                          - 0x2000'0016              0x16

"P2", part 2 of 2:                                 0x2200
  .noinit          uninit   0x2000'0018         4   0x200  startup_ewarm.o [1]
  HEAP                      0x2000'0218         8  0x2000  <Block>
    HEAP           uninit   0x2000'0218            0x2000  <Block tail>
                          - 0x2000'2218            0x2200

Unused ranges:

         From           To      Size
         ----           --      ----
       0x29fe     0x3'ffff  0x3'd602
  0x2000'2218  0x2000'7fff    0x5de8


*******************************************************************************
*** INIT TABLE
***

          Address      Size
          -------      ----
Zero (__iar_zero_init3)
    1 destination range, total size 0x16:
          0x2000'0000  0x16



*******************************************************************************
*** MODULE SUMMARY
***

    Module                 ro code  ro data  rw data
    ------                 -------  -------  -------
command line/config:
    ------------------------------------------------
    Total:

D:\Maeen\UNI Documents\OneDrive - Faculty of Engineering Ain Shams University\Senior 1\Fall 24\Introduction to Embedded Systems\Project\IAR Smart Home\Debug\Obj: [1]
    main.o                      54
    startup_ewarm.o             30      620      512
    ------------------------------------------------
    Total:                      84      620      512

D:\Maeen\UNI Documents\OneDrive - Faculty of Engineering Ain Shams University\Senior 1\Fall 24\Introduction to Embedded Systems\Project\IAR Smart Home\Debug\Obj\Alarm_980185568058126024.dir: [2]
    Alarm.o                     92
    ------------------------------------------------
    Total:                      92

D:\Maeen\UNI Documents\OneDrive - Faculty of Engineering Ain Shams University\Senior 1\Fall 24\Introduction to Embedded Systems\Project\IAR Smart Home\Debug\Obj\DIO_12413118508793129011.dir: [3]
    DIO.o                      560
    ------------------------------------------------
    Total:                     560

D:\Maeen\UNI Documents\OneDrive - Faculty of Engineering Ain Shams University\Senior 1\Fall 24\Introduction to Embedded Systems\Project\IAR Smart Home\Debug\Obj\DoorStatus_9131125453417250063.dir: [4]
    DoorStatus.o               272                 1
    ------------------------------------------------
    Total:                     272                 1

D:\Maeen\UNI Documents\OneDrive - Faculty of Engineering Ain Shams University\Senior 1\Fall 24\Introduction to Embedded Systems\Project\IAR Smart Home\Debug\Obj\Relay_7192306582697933232.dir: [5]
    Relay.o                    140
    ------------------------------------------------
    Total:                     140

D:\Maeen\UNI Documents\OneDrive - Faculty of Engineering Ain Shams University\Senior 1\Fall 24\Introduction to Embedded Systems\Project\IAR Smart Home\Debug\Obj\Systick_4011902741663459732.dir: [6]
    Systick.o                   84                 4
    ------------------------------------------------
    Total:                      84                 4

D:\Maeen\UNI Documents\OneDrive - Faculty of Engineering Ain Shams University\Senior 1\Fall 24\Introduction to Embedded Systems\Project\IAR Smart Home\Debug\Obj\Temprature_6240412915971474373.dir: [7]
    LM35.o                     528
    ------------------------------------------------
    Total:                     528

D:\Maeen\UNI Documents\OneDrive - Faculty of Engineering Ain Shams University\Senior 1\Fall 24\Introduction to Embedded Systems\Project\IAR Smart Home\Debug\Obj\UART_13659031282731861102.dir: [8]
    UART.o                     620                 1
    ------------------------------------------------
    Total:                     620                 1

dl7M_tln.a: [9]
    abort.o                      6
    exit.o                       4
    heap0.o                    316                 8
    heaptramp0.o                 4
    low_level_init.o             4
    snprintf.o                  68
    sprintf.o                   64
    xfail_s.o                   64                 4
    xgetmemchunk.o              44                 4
    xprintffull_nomb.o       3'750
    xsnprout.o                  26
    xsprout.o                   10
    ------------------------------------------------
    Total:                   4'360                16

m7M_tls.a: [10]
    DblAddSub.o                590
    DblCmpGe.o                  52
    DblCmpLe.o                  52
    DblDiv.o                   582
    DblMul.o                   426
    DblToS32.o                  54
    DblToU32.o                  34
    S32ToDbl.o                  34
    U32ToDbl.o                  28
    fpinit_M.o                  34
    frexp.o                    112
    ldexp.o                    314
    ------------------------------------------------
    Total:                   2'312

rt7M_tl.a: [11]
    ABImemcpy_unaligned.o      118
    I64DivMod.o                560
    I64DivZer.o                  2
    cexit.o                     10
    cmain.o                     30
    cstartup_M.o                28
    data_init.o                 42
    memchr.o                    88
    strchr.o                    22
    strlen.o                    54
    zero_init3.o                56
    ------------------------------------------------
    Total:                   1'010

shb_l.a: [12]
    exit.o                      20
    ------------------------------------------------
    Total:                      20

    Gaps                        30        2
    Linker created                       16    8'192
----------------------------------------------------
    Grand Total:            10'112      638    8'726


*******************************************************************************
*** ENTRY LIST
***

Entry                       Address   Size  Type      Object
-----                       -------   ----  ----      ------
.iar.init_table$$Base        0x2980          --   Gb  - Linker created -
.iar.init_table$$Limit       0x2990          --   Gb  - Linker created -
?main                        0x29cd         Code  ??  cmain.o [11]
Alarm_init                   0x2865    0xe  Code  ??  Alarm.o [2]
Aldata                  0x2000'0000    0x8  Data  Lc  heap0.o [9]
DoorStatus_init              0x26d5   0x62  Code  ??  DoorStatus.o [4]
Door_Handler                 0x2737   0x58  Code  ??  DoorStatus.o [4]
FaultISR                     0x29ab    0x2  Code  Lc  startup_ewarm.o [1]
GetTemp                      0x2553   0x28  Code  ??  LM35.o [7]
HEAP$$Base              0x2000'0218          --   ??  - Linker created -
HEAP$$Limit             0x2000'2218          --   ??  - Linker created -
IntDefaultHandler            0x29ad    0x2  Code  Lc  startup_ewarm.o [1]
LM35_init                    0x24c5   0x8e  Code  ??  LM35.o [7]
NmiSR                        0x29a9    0x2  Code  Lc  startup_ewarm.o [1]
Read_Temperature_Handler
                             0x25e9   0x4e  Code  ??  LM35.o [7]
Region$$Table$$Base          0x2980          --   ??  - Linker created -
Region$$Table$$Limit         0x2990          --   ??  - Linker created -
Relay_Control                0x246f   0x56  Code  ??  Relay.o [5]
Relay_Init                   0x2439   0x36  Code  ??  Relay.o [5]
ResetISR                     0x2991   0x12  Code  ??  startup_ewarm.o [1]
SysTick_Callback        0x2000'0008    0x4  Data  Lc  Systick.o [6]
SysTick_Handler              0x2845   0x10  Code  ??  Systick.o [6]
SysTick_Init                 0x2811   0x16  Code  ??  Systick.o [6]
SysTick_Is_Time_Out          0x2827    0xc  Code  ??  Systick.o [6]
SysTick_Wait                 0x2833   0x12  Code  ??  Systick.o [6]
Toggle_alarm                 0x2873   0x4a  Code  ??  Alarm.o [2]
UART5_Handler                0x1fc1   0x3a  Code  ??  UART.o [8]
UART_Init                    0x1dd9  0x16a  Code  ??  UART.o [8]
UART_Transmit                0x1f43   0x2c  Code  ??  UART.o [8]
UART_Transmit_Temperature
                             0x1f6f   0x52  Code  ??  UART.o [8]
_LC                           0x26d    0x6  Code  Lc  xprintffull_nomb.o [9]
_LitobFullNoMb                0xf35  0x10c  Code  Lc  xprintffull_nomb.o [9]
_PrintfFullNoMb               0x273  0xc92  Code  ??  xprintffull_nomb.o [9]
_PutcharsFullNoMb            0x109d   0x2e  Code  Lc  xprintffull_nomb.o [9]
_SNProut                     0x1113   0x1a  Code  ??  xsnprout.o [9]
_SProut                      0x1143    0xa  Code  ??  xsprout.o [9]
__aeabi_cdcmple              0x1305         Code  ??  DblCmpLe.o [10]
__aeabi_cdrcmple             0x1339         Code  ??  DblCmpGe.o [10]
__aeabi_d2iz                 0x14a9         Code  ??  DblToS32.o [10]
__aeabi_d2uiz                0x199d         Code  ??  DblToU32.o [10]
__aeabi_ddiv                 0x1755         Code  ??  DblDiv.o [10]
__aeabi_dmul                 0x19dd         Code  ??  DblMul.o [10]
__aeabi_dsub                 0x1671         Code  ??  DblAddSub.o [10]
__aeabi_i2d                  0x14e1         Code  ??  S32ToDbl.o [10]
__aeabi_ldiv0                0x1dc1         Code  ??  I64DivZer.o [11]
__aeabi_ui2d                 0x19c1         Code  ??  U32ToDbl.o [10]
__aeabi_uldivmod             0x1b89         Code  ??  I64DivMod.o [11]
__basic_free                 0x2365   0x16  Code  ??  heap0.o [9]
__basic_free_intern          0x237b   0x74  Code  Lc  heap0.o [9]
__basic_malloc               0x22b9   0x18  Code  ??  heap0.o [9]
__basic_malloc_intern        0x22d1   0x94  Code  Lc  heap0.o [9]
__cmain                      0x29cd         Code  ??  cmain.o [11]
__data_GetMemChunk           0x27e5   0x2c  Code  ??  xgetmemchunk.o [9]
__data_GetMemChunk::start
                        0x2000'000c    0x4  Data  Lc  xgetmemchunk.o [9]
__exit                       0x1dc5   0x14  Code  ??  exit.o [12]
__iar_Fail_s                 0x114d   0x1c  Code  ??  xfail_s.o [9]
__iar_Memchr                 0x11c5         Code  ??  memchr.o [11]
__iar_Strchr                 0x112d         Code  ??  strchr.o [11]
__iar_data_init3             0x2931   0x18  Code  ??  data_init.o [11]
__iar_frexp                  0x12a1         Code  ??  frexp.o [10]
__iar_frexpl                 0x12a1         Code  ??  frexp.o [10]
__iar_init_vfp               0x295d         Code  ??  fpinit_M.o [10]
__iar_ldexp64                0x136d         Code  ??  ldexp.o [10]
__iar_program_start          0x29b1         Code  ??  cstartup_M.o [11]
__iar_scalbln64              0x136d         Code  ??  ldexp.o [10]
__iar_scalbn64               0x136d         Code  ??  ldexp.o [10]
__iar_softfp___iar_frexp64
                             0x1295         Code  ??  frexp.o [10]
__iar_softfp_frexp           0x1295         Code  ??  frexp.o [10]
__iar_softfp_frexpl          0x1295         Code  ??  frexp.o [10]
__iar_unaligned_memcpy       0x121d         Code  ??  ABImemcpy_unaligned.o [11]
__iar_unaligned_memcpy4
                             0x123d         Code  ??  ABImemcpy_unaligned.o [11]
__iar_unaligned_memcpy8
                             0x123d         Code  ??  ABImemcpy_unaligned.o [11]
__iar_zero_init3             0x28c1   0x38  Code  ??  zero_init3.o [11]
__low_level_init             0x29eb    0x4  Code  ??  low_level_init.o [9]
__vector_table                  0x0  0x26c  Data  ??  startup_ewarm.o [1]
_call_main                   0x29d9         Code  ??  cmain.o [11]
_exit                        0x29f5         Code  ??  cexit.o [11]
abort                        0x1db9    0x6  Code  ??  abort.o [9]
ctz                          0x2045   0x18  Code  ??  DIO.o [3]
dio_init                     0x205d   0xd6  Code  ??  DIO.o [3]
dio_readport                 0x2133   0x42  Code  ??  DIO.o [3]
dio_writepin                 0x2175   0x9e  Code  ??  DIO.o [3]
dio_writeport                0x2213   0x40  Code  ??  DIO.o [3]
doorStatus              0x2000'0014    0x1  Data  ??  DoorStatus.o [4]
exit                         0x29ef    0x4  Code  ??  exit.o [9]
free                         0x2435    0x4  Code  ??  heaptramp0.o [9]
ldexp                        0x136d         Code  ??  ldexp.o [10]
ldexpl                       0x136d         Code  ??  ldexp.o [10]
main                         0x28f9   0x36  Code  ??  main.o [1]
memchr                       0x11c5         Code  ??  memchr.o [11]
pui32Stack              0x2000'0018  0x200  Data  Lc  startup_ewarm.o [1]
received_char           0x2000'0015    0x1  Data  ??  UART.o [8]
scalbln                      0x136d         Code  ??  ldexp.o [10]
scalblnl                     0x136d         Code  ??  ldexp.o [10]
scalbn                       0x136d         Code  ??  ldexp.o [10]
scalbnl                      0x136d         Code  ??  ldexp.o [10]
scale                        0x1047   0x46  Code  Lc  xprintffull_nomb.o [9]
sec_hand                0x2000'0010    0x4  Data  Lc  xfail_s.o [9]
setCurrentDoorStatus         0x278f   0x2a  Code  ??  DoorStatus.o [4]
snprintf                     0x2275   0x44  Code  ??  snprintf.o [9]
sprintf                      0x23f5   0x40  Code  ??  sprintf.o [9]
strchr                       0x112d         Code  ??  strchr.o [11]
strlen                       0x118d         Code  ??  strlen.o [11]
tempEN                       0x2637   0x26  Code  ??  LM35.o [7]
tempEn_init                  0x257b   0x6e  Code  ??  LM35.o [7]


[1] = D:\Maeen\UNI Documents\OneDrive - Faculty of Engineering Ain Shams University\Senior 1\Fall 24\Introduction to Embedded Systems\Project\IAR Smart Home\Debug\Obj
[2] = D:\Maeen\UNI Documents\OneDrive - Faculty of Engineering Ain Shams University\Senior 1\Fall 24\Introduction to Embedded Systems\Project\IAR Smart Home\Debug\Obj\Alarm_980185568058126024.dir
[3] = D:\Maeen\UNI Documents\OneDrive - Faculty of Engineering Ain Shams University\Senior 1\Fall 24\Introduction to Embedded Systems\Project\IAR Smart Home\Debug\Obj\DIO_12413118508793129011.dir
[4] = D:\Maeen\UNI Documents\OneDrive - Faculty of Engineering Ain Shams University\Senior 1\Fall 24\Introduction to Embedded Systems\Project\IAR Smart Home\Debug\Obj\DoorStatus_9131125453417250063.dir
[5] = D:\Maeen\UNI Documents\OneDrive - Faculty of Engineering Ain Shams University\Senior 1\Fall 24\Introduction to Embedded Systems\Project\IAR Smart Home\Debug\Obj\Relay_7192306582697933232.dir
[6] = D:\Maeen\UNI Documents\OneDrive - Faculty of Engineering Ain Shams University\Senior 1\Fall 24\Introduction to Embedded Systems\Project\IAR Smart Home\Debug\Obj\Systick_4011902741663459732.dir
[7] = D:\Maeen\UNI Documents\OneDrive - Faculty of Engineering Ain Shams University\Senior 1\Fall 24\Introduction to Embedded Systems\Project\IAR Smart Home\Debug\Obj\Temprature_6240412915971474373.dir
[8] = D:\Maeen\UNI Documents\OneDrive - Faculty of Engineering Ain Shams University\Senior 1\Fall 24\Introduction to Embedded Systems\Project\IAR Smart Home\Debug\Obj\UART_13659031282731861102.dir
[9] = dl7M_tln.a
[10] = m7M_tls.a
[11] = rt7M_tl.a
[12] = shb_l.a

  10'112 bytes of readonly  code memory
     638 bytes of readonly  data memory
   8'726 bytes of readwrite data memory

Errors: none
Warnings: none
